// Jest Snapshot v1, https://goo.gl/fbAQLP

exports[`Pruebas en <GifItem /> Debe hacer match con el snapshot 1`] = `
<div>
  <div
    class="card"
  >
    <img
      alt="One Punch"
      src="https://one-punch.com/saitama.jpg"
    />
    <p>
      One Punch
    </p>
  </div>
</div>
`;
